$ timeout --foreground 10s /home/puck/work/github/fvp/Base_RevC_AEMv8A_pkg/models/Linux64_GCC-6.4/FVP_Base_RevC-2xAEMv8A -C pctl.startup=0.0.0.0 -C bp.secure_memory=0 -C cluster0.NUM_CORES=4 -C cluster1.NUM_CORES=4 -C cache_state_modelled=0 -C bp.vis.disable_visualisation=true -C bp.vis.rate_limit-enable=false -C bp.terminal_0.start_telnet=false -C bp.terminal_1.start_telnet=false -C bp.terminal_2.start_telnet=false -C bp.terminal_3.start_telnet=false -C bp.pl011_uart0.untimed_fifos=1 -C bp.pl011_uart0.unbuffered_output=1 -C bp.pl011_uart0.out_file=/home/puck/work/github/Kopernik/out/uart0.log -C bp.pl011_uart1.out_file=/home/puck/work/github/Kopernik/out/uart1.log -C cluster0.cpu0.RVBAR=0x04020000 -C cluster0.cpu1.RVBAR=0x04020000 -C cluster0.cpu2.RVBAR=0x04020000 -C cluster0.cpu3.RVBAR=0x04020000 -C cluster1.cpu0.RVBAR=0x04020000 -C cluster1.cpu1.RVBAR=0x04020000 -C cluster1.cpu2.RVBAR=0x04020000 -C cluster1.cpu3.RVBAR=0x04020000 -C cluster0.has_pointer_authentication=2 -C cluster1.has_pointer_authentication=2 -C cluster0.has_secure_el2=2 -C cluster1.has_secure_el2=2 -C cluster0.has_branch_target_exception=2 -C cluster1.has_branch_target_exception=2 -C cluster0.memory_tagging_support_level=2 -C cluster1.memory_tagging_support_level=2 -C cluster0.has_arm_v8-1 -C cluster1.has_arm_v8-1 -C cluster0.has_arm_v8-2 -C cluster1.has_arm_v8-2 -C cluster0.has_arm_v8-3 -C cluster1.has_arm_v8-3 -C cluster0.has_arm_v8-4 -C cluster1.has_arm_v8-4 -C cluster0.has_arm_v8-5 -C cluster1.has_arm_v8-5 -C cluster0.has_arm_v8-6 -C cluster1.has_arm_v8-6 --data cluster0.cpu0=/home/puck/work/github/arm-trusted-firmware/build/fvp/release/bl31.bin@0x04020000 -C bp.ve_sysregs.mmbSiteDefault=0 -C bp.ve_sysregs.exit_on_shutdown=1
$ timeout --foreground 10s /home/puck/work/github/fvp/Base_RevC_AEMv8A_pkg/models/Linux64_GCC-6.4/FVP_Base_RevC-2xAEMv8A -C pctl.startup=0.0.0.0 -C bp.secure_memory=0 -C cluster0.NUM_CORES=4 -C cluster1.NUM_CORES=4 -C cache_state_modelled=0 -C bp.vis.disable_visualisation=true -C bp.vis.rate_limit-enable=false -C bp.terminal_0.start_telnet=false -C bp.terminal_1.start_telnet=false -C bp.terminal_2.start_telnet=false -C bp.terminal_3.start_telnet=false -C bp.pl011_uart0.untimed_fifos=1 -C bp.pl011_uart0.unbuffered_output=1 -C bp.pl011_uart0.out_file=/home/puck/work/github/Kopernik/out/uart0.log -C bp.pl011_uart1.out_file=/home/puck/work/github/Kopernik/out/uart1.log -C cluster0.cpu0.RVBAR=0x04020000 -C cluster0.cpu1.RVBAR=0x04020000 -C cluster0.cpu2.RVBAR=0x04020000 -C cluster0.cpu3.RVBAR=0x04020000 -C cluster1.cpu0.RVBAR=0x04020000 -C cluster1.cpu1.RVBAR=0x04020000 -C cluster1.cpu2.RVBAR=0x04020000 -C cluster1.cpu3.RVBAR=0x04020000 -C cluster0.has_pointer_authentication=2 -C cluster1.has_pointer_authentication=2 -C cluster0.has_secure_el2=2 -C cluster1.has_secure_el2=2 -C cluster0.has_branch_target_exception=2 -C cluster1.has_branch_target_exception=2 -C cluster0.memory_tagging_support_level=2 -C cluster1.memory_tagging_support_level=2 -C cluster0.has_arm_v8-1 -C cluster1.has_arm_v8-1 -C cluster0.has_arm_v8-2 -C cluster1.has_arm_v8-2 -C cluster0.has_arm_v8-3 -C cluster1.has_arm_v8-3 -C cluster0.has_arm_v8-4 -C cluster1.has_arm_v8-4 -C cluster0.has_arm_v8-5 -C cluster1.has_arm_v8-5 -C cluster0.has_arm_v8-6 -C cluster1.has_arm_v8-6 --data cluster0.cpu0=/home/puck/work/github/arm-trusted-firmware/build/fvp/release/bl31.bin@0x04020000 -C bp.ve_sysregs.mmbSiteDefault=0 -C bp.ve_sysregs.exit_on_shutdown=1
$ timeout --foreground 10s /home/puck/work/github/fvp/Base_RevC_AEMv8A_pkg/models/Linux64_GCC-6.4/FVP_Base_RevC-2xAEMv8A -C pctl.startup=0.0.0.0 -C bp.secure_memory=0 -C cluster0.NUM_CORES=4 -C cluster1.NUM_CORES=4 -C cache_state_modelled=0 -C bp.vis.disable_visualisation=true -C bp.vis.rate_limit-enable=false -C bp.terminal_0.start_telnet=false -C bp.terminal_1.start_telnet=false -C bp.terminal_2.start_telnet=false -C bp.terminal_3.start_telnet=false -C bp.pl011_uart0.untimed_fifos=1 -C bp.pl011_uart0.unbuffered_output=1 -C bp.pl011_uart0.out_file=/home/puck/work/github/Kopernik/out/uart0.log -C bp.pl011_uart1.out_file=/home/puck/work/github/Kopernik/out/uart1.log -C cluster0.cpu0.RVBAR=0x04020000 -C cluster0.cpu1.RVBAR=0x04020000 -C cluster0.cpu2.RVBAR=0x04020000 -C cluster0.cpu3.RVBAR=0x04020000 -C cluster1.cpu0.RVBAR=0x04020000 -C cluster1.cpu1.RVBAR=0x04020000 -C cluster1.cpu2.RVBAR=0x04020000 -C cluster1.cpu3.RVBAR=0x04020000 -C cluster0.has_pointer_authentication=2 -C cluster1.has_pointer_authentication=2 -C cluster0.has_secure_el2=2 -C cluster1.has_secure_el2=2 -C cluster0.has_branch_target_exception=2 -C cluster1.has_branch_target_exception=2 -C cluster0.memory_tagging_support_level=2 -C cluster1.memory_tagging_support_level=2 -C cluster0.has_arm_v8-1 -C cluster1.has_arm_v8-1 -C cluster0.has_arm_v8-2 -C cluster1.has_arm_v8-2 -C cluster0.has_arm_v8-3 -C cluster1.has_arm_v8-3 -C cluster0.has_arm_v8-4 -C cluster1.has_arm_v8-4 -C cluster0.has_arm_v8-5 -C cluster1.has_arm_v8-5 -C cluster0.has_arm_v8-6 -C cluster1.has_arm_v8-6 --data cluster0.cpu0=/home/puck/work/github/arm-trusted-firmware/build/fvp/release/bl31.bin@0x04020000 -C bp.ve_sysregs.mmbSiteDefault=0 -C bp.ve_sysregs.exit_on_shutdown=1
FVP_Base_RevC-2xAEMv8A: --parameter: error in parameter specification, format is: INST.PARAM=VALUE.

Info: /OSCI/SystemC: Simulation stopped by user.
$ timeout --foreground 10s /home/puck/work/github/fvp/Base_RevC_AEMv8A_pkg/models/Linux64_GCC-6.4/FVP_Base_RevC-2xAEMv8A -C pctl.startup=0.0.0.0 -C bp.secure_memory=0 -C cluster0.NUM_CORES=4 -C cluster1.NUM_CORES=4 -C cache_state_modelled=0 -C bp.vis.disable_visualisation=true -C bp.vis.rate_limit-enable=false -C bp.terminal_0.start_telnet=false -C bp.terminal_1.start_telnet=false -C bp.terminal_2.start_telnet=false -C bp.terminal_3.start_telnet=false -C bp.pl011_uart0.untimed_fifos=1 -C bp.pl011_uart0.unbuffered_output=1 -C bp.pl011_uart0.out_file=/home/puck/work/github/Kopernik/out/uart0.log -C bp.pl011_uart1.out_file=/home/puck/work/github/Kopernik/out/uart1.log -C cluster0.cpu0.RVBAR=0x04020000 -C cluster0.cpu1.RVBAR=0x04020000 -C cluster0.cpu2.RVBAR=0x04020000 -C cluster0.cpu3.RVBAR=0x04020000 -C cluster1.cpu0.RVBAR=0x04020000 -C cluster1.cpu1.RVBAR=0x04020000 -C cluster1.cpu2.RVBAR=0x04020000 -C cluster1.cpu3.RVBAR=0x04020000 -C cluster0.has_pointer_authentication=2 -C cluster1.has_pointer_authentication=2 -C cluster0.has_secure_el2=2 -C cluster1.has_secure_el2=2 -C cluster0.has_branch_target_exception=2 -C cluster1.has_branch_target_exception=2 -C cluster0.memory_tagging_support_level=2 -C cluster1.memory_tagging_support_level=2 -C cluster0.has_arm_v8-1=1 -C cluster1.has_arm_v8-1=1 -C cluster0.has_arm_v8-2=1 -C cluster1.has_arm_v8-2=1 -C cluster0.has_arm_v8-3=1 -C cluster1.has_arm_v8-3=1 -C cluster0.has_arm_v8-4=1 -C cluster1.has_arm_v8-4=1 -C cluster0.has_arm_v8-5=1 -C cluster1.has_arm_v8-5=1 -C cluster0.has_arm_v8-6=1 -C cluster1.has_arm_v8-6=1 --data cluster0.cpu0=/home/puck/work/github/arm-trusted-firmware/build/fvp/release/bl31.bin@0x04020000 -C bp.ve_sysregs.mmbSiteDefault=0 -C bp.ve_sysregs.exit_on_shutdown=1
terminal_0: Listening for serial connection on port 5000
terminal_1: Listening for serial connection on port 5001
terminal_2: Listening for serial connection on port 5002
terminal_3: Listening for serial connection on port 5003

Stopping simulation...


Info: /OSCI/SystemC: Simulation stopped by user.
$ timeout --foreground 3s /home/puck/work/github/fvp/Base_RevC_AEMv8A_pkg/models/Linux64_GCC-6.4/FVP_Base_RevC-2xAEMv8A -C pctl.startup=0.0.0.0 -C bp.secure_memory=0 -C cluster0.NUM_CORES=4 -C cluster1.NUM_CORES=4 -C cache_state_modelled=0 -C bp.vis.disable_visualisation=true -C bp.vis.rate_limit-enable=false -C bp.terminal_0.start_telnet=false -C bp.terminal_1.start_telnet=false -C bp.terminal_2.start_telnet=false -C bp.terminal_3.start_telnet=false -C bp.pl011_uart0.untimed_fifos=1 -C bp.pl011_uart0.unbuffered_output=1 -C bp.pl011_uart0.out_file=/home/puck/work/github/Kopernik/out/uart0.log -C bp.pl011_uart1.out_file=/home/puck/work/github/Kopernik/out/uart1.log -C cluster0.cpu0.RVBAR=0x04020000 -C cluster0.cpu1.RVBAR=0x04020000 -C cluster0.cpu2.RVBAR=0x04020000 -C cluster0.cpu3.RVBAR=0x04020000 -C cluster1.cpu0.RVBAR=0x04020000 -C cluster1.cpu1.RVBAR=0x04020000 -C cluster1.cpu2.RVBAR=0x04020000 -C cluster1.cpu3.RVBAR=0x04020000 -C cluster0.has_pointer_authentication=2 -C cluster1.has_pointer_authentication=2 -C cluster0.has_secure_el2=2 -C cluster1.has_secure_el2=2 -C cluster0.has_branch_target_exception=2 -C cluster1.has_branch_target_exception=2 -C cluster0.memory_tagging_support_level=2 -C cluster1.memory_tagging_support_level=2 -C cluster0.has_arm_v8-1=1 -C cluster1.has_arm_v8-1=1 -C cluster0.has_arm_v8-2=1 -C cluster1.has_arm_v8-2=1 -C cluster0.has_arm_v8-3=1 -C cluster1.has_arm_v8-3=1 -C cluster0.has_arm_v8-4=1 -C cluster1.has_arm_v8-4=1 -C cluster0.has_arm_v8-5=1 -C cluster1.has_arm_v8-5=1 -C cluster0.has_arm_v8-6=1 -C cluster1.has_arm_v8-6=1 --data cluster0.cpu0=/home/puck/work/github/arm-trusted-firmware/build/fvp/release/bl31.bin@0x04020000 -C bp.ve_sysregs.mmbSiteDefault=0 -C bp.ve_sysregs.exit_on_shutdown=1
terminal_0: Listening for serial connection on port 5000
terminal_1: Listening for serial connection on port 5001
terminal_2: Listening for serial connection on port 5002
terminal_3: Listening for serial connection on port 5003

Stopping simulation...


Info: /OSCI/SystemC: Simulation stopped by user.
$ timeout --foreground 3s prebuilt/fvp/Base_RevC_AEMv8A_pkg/models/Linux64_GCC-6.4/FVP_Base_RevC-2xAEMv8A -C pctl.startup=0.0.0.0 -C bp.secure_memory=0 -C cluster0.NUM_CORES=4 -C cluster1.NUM_CORES=4 -C cache_state_modelled=0 -C bp.vis.disable_visualisation=true -C bp.vis.rate_limit-enable=false -C bp.terminal_0.start_telnet=false -C bp.terminal_1.start_telnet=false -C bp.terminal_2.start_telnet=false -C bp.terminal_3.start_telnet=false -C bp.pl011_uart0.untimed_fifos=1 -C bp.pl011_uart0.unbuffered_output=1 -C bp.pl011_uart0.out_file=/home/puck/work/github/Kopernik/out/uart0.log -C bp.pl011_uart1.out_file=/home/puck/work/github/Kopernik/out/uart1.log -C cluster0.cpu0.RVBAR=0x04020000 -C cluster0.cpu1.RVBAR=0x04020000 -C cluster0.cpu2.RVBAR=0x04020000 -C cluster0.cpu3.RVBAR=0x04020000 -C cluster1.cpu0.RVBAR=0x04020000 -C cluster1.cpu1.RVBAR=0x04020000 -C cluster1.cpu2.RVBAR=0x04020000 -C cluster1.cpu3.RVBAR=0x04020000 -C cluster0.has_pointer_authentication=2 -C cluster1.has_pointer_authentication=2 -C cluster0.has_secure_el2=2 -C cluster1.has_secure_el2=2 -C cluster0.has_branch_target_exception=2 -C cluster1.has_branch_target_exception=2 -C cluster0.memory_tagging_support_level=2 -C cluster1.memory_tagging_support_level=2 -C cluster0.has_arm_v8-1=1 -C cluster1.has_arm_v8-1=1 -C cluster0.has_arm_v8-2=1 -C cluster1.has_arm_v8-2=1 -C cluster0.has_arm_v8-3=1 -C cluster1.has_arm_v8-3=1 -C cluster0.has_arm_v8-4=1 -C cluster1.has_arm_v8-4=1 -C cluster0.has_arm_v8-5=1 -C cluster1.has_arm_v8-5=1 -C cluster0.has_arm_v8-6=1 -C cluster1.has_arm_v8-6=1 --data cluster0.cpu0=/home/puck/work/github/arm-trusted-firmware/build/fvp/release/bl31.bin@0x04020000 -C bp.ve_sysregs.mmbSiteDefault=0 -C bp.ve_sysregs.exit_on_shutdown=1
terminal_0: Listening for serial connection on port 5000
terminal_1: Listening for serial connection on port 5001
terminal_2: Listening for serial connection on port 5002
terminal_3: Listening for serial connection on port 5003

Stopping simulation...


Info: /OSCI/SystemC: Simulation stopped by user.
